{
  "exclude": {
    "files": null,
    "lines": null
  },
  "generated_at": "2026-09-15T23:08:51Z",
  "plugins_used": [
    {
      "name": "AWSKeyDetector"
    },
    {
      "name": "ArtifactoryDetector"
    },
    {
      "name": "AzureStorageKeyDetector"
    },
    {
      "base64_limit": 4.5,
      "name": "Base64HighEntropyString"
    },
    {
      "name": "BasicAuthDetector"
    },
    {
      "name": "BoxDetector"
    },
    {
      "name": "CloudantDetector"
    },
    {
      "ghe_instance": "github.ibm.com",
      "name": "GheDetector"
    },
    {
      "name": "GitHubTokenDetector"
    },
    {
      "hex_limit": 3,
      "name": "HexHighEntropyString"
    },
    {
      "name": "IbmCloudIamDetector"
    },
    {
      "name": "IbmCosHmacDetector"
    },
    {
      "name": "JwtTokenDetector"
    },
    {
      "keyword_exclude": null,
      "name": "KeywordDetector"
    },
    {
      "name": "MailchimpDetector"
    },
    {
      "name": "NpmDetector"
    },
    {
      "name": "PrivateKeyDetector"
    },
    {
      "name": "SlackDetector"
    },
    {
      "name": "SoftlayerDetector"
    },
    {
      "name": "SquareOAuthDetector"
    },
    {
      "name": "StripeDetector"
    },
    {
      "name": "TwilioKeyDetector"
    }
  ],
  "results": {
    "docs/VAULT.md": [
      {
        "hashed_secret": "bb9e42bb67124849059d124d7b0196ea21e9ef36",
        "is_secret": false,
        "is_verified": false,
        "line_number": 232,
        "type": "Secret Keyword",
        "verified_result": null
      }
    ],
    "smarterkit/config/analytics/store/config/mainJob.properties": [
      {
        "hashed_secret": "de110d508bc96d69415741308c7097768467d78e",
        "is_secret": false,
        "is_verified": false,
        "line_number": 28,
        "type": "Secret Keyword",
        "verified_result": null
      },
      {
        "hashed_secret": "4ad866044526ace0e56ba6a5a7ef756546702b0f",
        "is_secret": false,
        "is_verified": false,
        "line_number": 29,
        "type": "Secret Keyword",
        "verified_result": null
      },
      {
        "hashed_secret": "745d0b2380e21353d526db47a87158f2065563ee",
        "is_secret": false,
        "is_verified": false,
        "line_number": 29,
        "type": "Secret Keyword",
        "verified_result": null
      },
      {
        "hashed_secret": "00121745c197f770fbefcd7535a535645aa0fd81",
        "is_secret": false,
        "is_verified": false,
        "line_number": 30,
        "type": "Secret Keyword",
        "verified_result": null
      }
    ],
    "smarterkit/config/init/pre-init.sh": [
      {
        "hashed_secret": "bb589d0621e5472f470fa3425a234c74b1e202e8",
        "is_secret": false,
        "is_verified": false,
        "line_number": 40,
        "type": "Secret Keyword",
        "verified_result": null
      }
    ],
    "smarterkit/config/ldap/ldap2_config.yaml": [
      {
        "hashed_secret": "100340f9a6973f1a8d42761d3e052cb77f386919",
        "is_secret": false,
        "is_verified": false,
        "line_number": 8,
        "type": "Secret Keyword",
        "verified_result": null
      },
      {
        "hashed_secret": "26b53d183251bc63c411767da1b0455869d58493",
        "is_secret": false,
        "is_verified": false,
        "line_number": 37,
        "type": "Secret Keyword",
        "verified_result": null
      },
      {
        "hashed_secret": "e4deb692342f69808b3460f437031df6d48fbe0b",
        "is_secret": false,
        "is_verified": false,
        "line_number": 44,
        "type": "Secret Keyword",
        "verified_result": null
      }
    ],
    "smarterkit/config/ldap/ldap_config.yaml": [
      {
        "hashed_secret": "100340f9a6973f1a8d42761d3e052cb77f386919",
        "is_secret": false,
        "is_verified": false,
        "line_number": 10,
        "type": "Secret Keyword",
        "verified_result": null
      },
      {
        "hashed_secret": "26b53d183251bc63c411767da1b0455869d58493",
        "is_secret": false,
        "is_verified": false,
        "line_number": 39,
        "type": "Secret Keyword",
        "verified_result": null
      },
      {
        "hashed_secret": "e4deb692342f69808b3460f437031df6d48fbe0b",
        "is_secret": false,
        "is_verified": false,
        "line_number": 46,
        "type": "Secret Keyword",
        "verified_result": null
      }
    ],
    "smarterkit/config/ldap/proxy_config.yaml": [
      {
        "hashed_secret": "e4deb692342f69808b3460f437031df6d48fbe0b",
        "is_secret": false,
        "is_verified": false,
        "line_number": 9,
        "type": "Secret Keyword",
        "verified_result": null
      },
      {
        "hashed_secret": "100340f9a6973f1a8d42761d3e052cb77f386919",
        "is_secret": false,
        "is_verified": false,
        "line_number": 60,
        "type": "Secret Keyword",
        "verified_result": null
      },
      {
        "hashed_secret": "3f99ecd830397f1a6b838a20b78d43e7f3bd5161",
        "is_secret": false,
        "is_verified": false,
        "line_number": 61,
        "type": "Secret Keyword",
        "verified_result": null
      }
    ],
    "smarterkit/data-tpl/enRole.properties": [
      {
        "hashed_secret": "b24330f895785ebb3a52527368458bb4bc07be64",
        "is_secret": false,
        "is_verified": false,
        "line_number": 415,
        "type": "Secret Keyword",
        "verified_result": null
      }
    ],
    "smarterkit/regcred.yaml": [
      {
        "hashed_secret": "829c3804401b0727f70f73d4415e162400cbe57b",
        "is_secret": false,
        "is_verified": false,
        "line_number": 5,
        "type": "Secret Keyword",
        "verified_result": null
      },
      {
        "hashed_secret": "8151325dcdbae9e0ff95f9f9658432dbedfdb209",
        "is_secret": false,
        "is_verified": false,
        "line_number": 10,
        "type": "Secret Keyword",
        "verified_result": null
      }
    ],
    "smarterkit/templates/215-deployment-mqshare.yaml": [
      {
        "hashed_secret": "e024cffdeff64daa926578509fcf440e100d5368",
        "is_secret": false,
        "is_verified": false,
        "line_number": 25,
        "type": "Hex High Entropy String",
        "verified_result": null
      }
    ],
    "smarterkit/templates/300-statefulset-isvgim.yaml": [
      {
        "hashed_secret": "55c59e40990b23c6b9042451d8589aa9bafe6f3a",
        "is_secret": false,
        "is_verified": false,
        "line_number": 40,
        "type": "Hex High Entropy String",
        "verified_result": null
      }
    ]
  },
  "version": "0.13.1+ibm.64.dss",
  "word_list": {
    "file": null,
    "hash": null
  }
}
